this shit should be working